// Jest Snapshot v1, https://goo.gl/fbAQLP

exports[`TileList Displays movies once the api resolves 1`] = `"<div class=\\"wrap\\"><ul class=\\"carousel\\"><div class=\\"item\\"><img src=\\"https://image.tmdb.org/t/p/original/uX7LXnsC7bZJZjn048UCOwkPXWJ.jpg\\" alt=\\"Movie Minions backdrop\\"></div><div class=\\"item\\"><img src=\\"https://image.tmdb.org/t/p/original/tcheoA2nPATCm2vvXw2hVQoaEFD.jpg\\" alt=\\"Movie It backdrop\\"></div><div class=\\"item\\"><img src=\\"https://image.tmdb.org/t/p/original/6aUWe0GSl69wMTSWWexsorMIvwU.jpg\\" alt=\\"Movie Beauty and the Beast backdrop\\"></div><div class=\\"item\\"><img src=\\"https://image.tmdb.org/t/p/original/6iUNJZymJBMXXriQyFZfLAKnjO6.jpg\\" alt=\\"Movie Wonder Woman backdrop\\"></div><div class=\\"item\\"><img src=\\"https://image.tmdb.org/t/p/original/5pAGnkFYSsFJ99ZxDIYnhQbQFXs.jpg\\" alt=\\"Movie Logan backdrop\\"></div><div class=\\"item\\"><img src=\\"https://image.tmdb.org/t/p/original/aJn9XeesqsrSLKcHfHP4u5985hn.jpg\\" alt=\\"Movie Guardians of the Galaxy Vol. 2 backdrop\\"></div><div class=\\"item\\"><img src=\\"https://image.tmdb.org/t/p/original/vc8bCGjdVp0UbMNLzHnHSLRbBWQ.jpg\\" alt=\\"Movie Spider-Man: Homecoming backdrop\\"></div><div class=\\"item\\"><img src=\\"https://image.tmdb.org/t/p/original/ftRkFtAGuHngHnLiOxktq0aCVMF.jpg\\" alt=\\"Movie Despicable Me 3 backdrop\\"></div><div class=\\"item\\"><img src=\\"https://image.tmdb.org/t/p/original/tZvdyLP2F6x2TTuh292ceH87qZT.jpg\\" alt=\\"Movie Pirates of the Caribbean: Dead Men Tell No Tales backdrop\\"></div><div class=\\"item\\"><img src=\\"https://image.tmdb.org/t/p/original/7KsqfXDECZMryX1Rv4RKsT7SIjQ.jpg\\" alt=\\"Movie The Hitman's Bodyguard backdrop\\"></div><div class=\\"item\\"><img src=\\"https://image.tmdb.org/t/p/original/kMU8trT43p5LFoJ4plIySMOsZ1T.jpg\\" alt=\\"Movie Alien: Covenant backdrop\\"></div><div class=\\"item\\"><img src=\\"https://image.tmdb.org/t/p/original/t6TL7V9IsT4Ktx6YO8b1UYj3agd.jpg\\" alt=\\"Movie Baywatch backdrop\\"></div><div class=\\"item\\"><img src=\\"https://image.tmdb.org/t/p/original/goCvLSUFz0p7k8R10Hv4CVh3EQv.jpg\\" alt=\\"Movie Baby Driver backdrop\\"></div><div class=\\"item\\"><img src=\\"https://image.tmdb.org/t/p/original/tFI8VLMgSTTU38i8TIsklfqS9Nl.jpg\\" alt=\\"Movie Doctor Strange backdrop\\"></div><div class=\\"item\\"><img src=\\"https://image.tmdb.org/t/p/original/fudEG1VUWuOqleXv6NwCExK0VLy.jpg\\" alt=\\"Movie Dunkirk backdrop\\"></div><div class=\\"item\\"><img src=\\"https://image.tmdb.org/t/p/original/6I2tPx6KIiBB4TWFiWwNUzrbxUn.jpg\\" alt=\\"Movie Fantastic Beasts and Where to Find Them backdrop\\"></div><div class=\\"item\\"><img src=\\"https://image.tmdb.org/t/p/original/yIZ1xendyqKvY3FGeeUYUd5X9Mm.jpg\\" alt=\\"Movie Arrival backdrop\\"></div><div class=\\"item\\"><img src=\\"https://image.tmdb.org/t/p/original/o8u0NyEigCEaZHBdCYTRfXR8U4i.jpg\\" alt=\\"Movie Annabelle: Creation backdrop\\"></div><div class=\\"item\\"><img src=\\"https://image.tmdb.org/t/p/original/4G6FNNLSIVrwSRZyFs91hQ3lZtD.jpg\\" alt=\\"Movie Split backdrop\\"></div><div class=\\"item\\"><img src=\\"https://image.tmdb.org/t/p/original/tZjVVIYXACV4IIIhXeIM59ytqwS.jpg\\" alt=\\"Movie Rogue One: A Star Wars Story backdrop\\"></div></ul></div>"`;
